// Jest Snapshot v1, https://goo.gl/fbAQLP

exports[`renders header unchanged 1`] = `
<div>
  <div
    style="display: flex; justify-content: space-between; align-items: center; padding: 1.3rem 1.5rem;"
  >
    <div
      class="sc-gsnTZi iopORo"
      style="display: flex;"
    >
      <span
        style="margin-right: 1.8rem; display: flex; font-size: 14px; color: rgb(150, 155, 164); opacity: 0.4;"
      >
        <span
          style="box-sizing: border-box; display: inline-block; overflow: hidden; background: none; opacity: 1; border: 0px; margin: 0px; padding: 0px; position: relative; max-width: 100%;"
        >
          <span
            style="box-sizing: border-box; display: block; background: none; opacity: 1; border: 0px; margin: 0px; padding: 0px; max-width: 100%;"
          >
            <img
              alt=""
              aria-hidden="true"
              src="data:image/svg+xml,%3csvg%20xmlns=%27http://www.w3.org/2000/svg%27%20version=%271.1%27%20width=%2710%27%20height=%279%27/%3e"
              style="display: block; max-width: 100%; background: none; opacity: 1; border: 0px; margin: 0px; padding: 0px;"
            />
          </span>
          <img
            alt="right-arrow"
            data-nimg="intrinsic"
            decoding="async"
            src="data:image/gif;base64,R0lGODlhAQABAIAAAAAAAP///yH5BAEAAAAALAAAAAABAAEAAAIBRAA7"
            style="position: absolute; top: 0px; left: 0px; bottom: 0px; right: 0px; box-sizing: border-box; padding: 0px; margin: auto; display: block; width: 0px; height: 0px; min-width: 100%; max-width: 100%; min-height: 100%; max-height: 100%;"
          />
          <noscript />
        </span>
      </span>
      <span
        style="margin-right: 0.6rem; display: flex; font-size: 14px; color: rgb(150, 155, 164);"
      >
        <span
          style="box-sizing: border-box; display: inline-block; overflow: hidden; background: none; opacity: 1; border: 0px; margin: 0px; padding: 0px; position: relative; max-width: 100%;"
        >
          <span
            style="box-sizing: border-box; display: block; background: none; opacity: 1; border: 0px; margin: 0px; padding: 0px; max-width: 100%;"
          >
            <img
              alt=""
              aria-hidden="true"
              src="data:image/svg+xml,%3csvg%20xmlns=%27http://www.w3.org/2000/svg%27%20version=%271.1%27%20width=%2715%27%20height=%2712%27/%3e"
              style="display: block; max-width: 100%; background: none; opacity: 1; border: 0px; margin: 0px; padding: 0px;"
            />
          </span>
          <img
            alt="book"
            data-nimg="intrinsic"
            decoding="async"
            src="data:image/gif;base64,R0lGODlhAQABAIAAAAAAAP///yH5BAEAAAAALAAAAAABAAEAAAIBRAA7"
            style="position: absolute; top: 0px; left: 0px; bottom: 0px; right: 0px; box-sizing: border-box; padding: 0px; margin: auto; display: block; width: 0px; height: 0px; min-width: 100%; max-width: 100%; min-height: 100%; max-height: 100%;"
          />
          <noscript />
        </span>
      </span>
      <span
        style="margin-right: 0.7rem; display: flex; font-size: 14px; color: rgb(150, 155, 164); text-decoration: underline;"
      >
        Main
      </span>
      <span
        style="margin-right: 0.7rem; display: flex; font-size: 14px; color: rgb(150, 155, 164);"
      >
        /
      </span>
      <span
        style="margin-right: 0.7rem; display: flex; font-size: 14px; color: rgb(150, 155, 164);"
      >
        Getting Started
      </span>
      <span
        style="margin-right: 0.7rem; display: flex; font-size: 14px; color: rgb(150, 155, 164);"
      >
        /
      </span>
      <span
        style="margin-right: 1rem; display: flex; font-size: 14px; color: rgb(150, 155, 164);"
      >
        Front-end developement test proje...
      </span>
    </div>
    <div
      class="sc-gsnTZi iopORo"
      style="display: flex;"
    >
      <span
        style="margin-right: 0.8rem; display: flex; font-size: 14px; color: rgb(150, 155, 164);"
      >
        <span
          style="box-sizing: border-box; display: inline-block; overflow: hidden; background: none; opacity: 1; border: 0px; margin: 0px; padding: 0px; position: relative; max-width: 100%;"
        >
          <span
            style="box-sizing: border-box; display: block; background: none; opacity: 1; border: 0px; margin: 0px; padding: 0px; max-width: 100%;"
          >
            <img
              alt=""
              aria-hidden="true"
              src="data:image/svg+xml,%3csvg%20xmlns=%27http://www.w3.org/2000/svg%27%20version=%271.1%27%20width=%2715%27%20height=%2716%27/%3e"
              style="display: block; max-width: 100%; background: none; opacity: 1; border: 0px; margin: 0px; padding: 0px;"
            />
          </span>
          <img
            alt="lock"
            data-nimg="intrinsic"
            decoding="async"
            src="data:image/gif;base64,R0lGODlhAQABAIAAAAAAAP///yH5BAEAAAAALAAAAAABAAEAAAIBRAA7"
            style="position: absolute; top: 0px; left: 0px; bottom: 0px; right: 0px; box-sizing: border-box; padding: 0px; margin: auto; display: block; width: 0px; height: 0px; min-width: 100%; max-width: 100%; min-height: 100%; max-height: 100%;"
          />
          <noscript />
        </span>
      </span>
      <span
        style="margin-right: 1rem; display: flex; font-size: 14px; color: rgb(150, 155, 164);"
      >
        Editing
      </span>
      <span
        style="margin-right: 1rem; display: flex; font-size: 14px; color: rgb(150, 155, 164); opacity: 0.6;"
      >
        |
      </span>
      <span
        style="margin-right: 1rem; display: flex; font-size: 14px; color: rgb(53, 101, 169);"
      >
        Publish Space
      </span>
      <span
        style="display: flex; font-size: 14px; color: rgb(150, 155, 164);"
      >
        <span
          style="box-sizing: border-box; display: inline-block; overflow: hidden; background: none; opacity: 1; border: 0px; margin: 0px; padding: 0px; position: relative; max-width: 100%;"
        >
          <span
            style="box-sizing: border-box; display: block; background: none; opacity: 1; border: 0px; margin: 0px; padding: 0px; max-width: 100%;"
          >
            <img
              alt=""
              aria-hidden="true"
              src="data:image/svg+xml,%3csvg%20xmlns=%27http://www.w3.org/2000/svg%27%20version=%271.1%27%20width=%2710%27%20height=%2710%27/%3e"
              style="display: block; max-width: 100%; background: none; opacity: 1; border: 0px; margin: 0px; padding: 0px;"
            />
          </span>
          <img
            alt="expand"
            data-nimg="intrinsic"
            decoding="async"
            src="data:image/gif;base64,R0lGODlhAQABAIAAAAAAAP///yH5BAEAAAAALAAAAAABAAEAAAIBRAA7"
            style="position: absolute; top: 0px; left: 0px; bottom: 0px; right: 0px; box-sizing: border-box; padding: 0px; margin: auto; display: block; width: 0px; height: 0px; min-width: 100%; max-width: 100%; min-height: 100%; max-height: 100%;"
          />
          <noscript />
        </span>
      </span>
    </div>
  </div>
</div>
`;
